>>> print_square = __import__("4-print_square").print_square
>>> print_square(4)
####
####
####
####
>>> print_square()
Traceback (most recent call last):
  File "<stdin>", line 1, in <module>
TypeError: print_square() missing 1 required positional argument: 'size'
>>> print_square("14")
Traceback (most recent call last):
  File "<stdin>", line 1, in <module>
  File "/home/omar/alx/alx-higher_level_programming/0x07-python-test_driven_development/4-print_square.py", line 6, in print_square
    raise TypeError("size must be an integer")
TypeError: size must be an integer
>>> print_square(0)
Traceback (most recent call last):
  File "<stdin>", line 1, in <module>
  File "/home/omar/alx/alx-higher_level_programming/0x07-python-test_driven_development/4-print_square.py", line 8, in print_square
    raise TypeError("size must be >= 0")
TypeError: size must be >= 0
>>> print_square(-12)
Traceback (most recent call last):
  File "<stdin>", line 1, in <module>
  File "/home/omar/alx/alx-higher_level_programming/0x07-python-test_driven_development/4-print_square.py", line 8, in print_square
    raise TypeError("size must be >= 0")
TypeError: size must be >= 0
>>> print_square(-1.2)
Traceback (most recent call last):
  File "<stdin>", line 1, in <module>
  File "/home/omar/alx/alx-higher_level_programming/0x07-python-test_driven_development/4-print_square.py", line 8, in print_square
    raise TypeError("size must be >= 0")
TypeError: size must be >= 0
>>> print_square(1.2)
Traceback (most recent call last):
  File "<stdin>", line 1, in <module>
  File "/home/omar/alx/alx-higher_level_programming/0x07-python-test_driven_development/4-print_square.py", line 10, in print_square
    for x in range(size):
TypeError: 'float' object cannot be interpreted as an integer